// Jest Snapshot v1, https://goo.gl/fbAQLP

exports[`Structures List matches snapshot 1`] = `
ShallowWrapper {
  "length": 1,
  Symbol(enzyme.__root__): [Circular],
  Symbol(enzyme.__unrendered__): <Unknown
    LiComponent={[Function]}
    structureDefinitions={
        Object {
            "someKind": Array [
              Object {
                "description": "string",
                "id": "id1",
                "imageUrl": "string",
                "kind": "someKind",
                "length": 2,
                "name": "name1",
                "width": 1,
              },
              Object {
                "description": "string",
                "id": "id2",
                "imageUrl": "string",
                "kind": "someKind",
                "length": 5,
                "name": "name2",
                "width": 2,
              },
            ],
            "someOtherKind": Array [
              Object {
                "description": undefined,
                "id": "id3",
                "imageUrl": "string",
                "kind": "someOtherKind",
                "length": 4,
                "name": "name3",
                "width": 3,
              },
            ],
          }
    }
/>,
  Symbol(enzyme.__renderer__): Object {
    "batchedUpdates": [Function],
    "getNode": [Function],
    "render": [Function],
    "simulateEvent": [Function],
    "unmount": [Function],
  },
  Symbol(enzyme.__node__): Object {
    "instance": null,
    "key": undefined,
    "nodeType": "function",
    "props": Object {
      "children": Array [
        <ListGroupItem
          tag="li"
>
          <h2>
                    Structure Library
          </h2>
          <Connect(OpenModalButton)
                    modalProps={
                              Object {
                                        "ariaLabel": "Sup",
                                        "formName": "structureDefinition",
                                      }
                    }
                    modalType="ADD_STRUCTURE_DEFINITION"
          >
                    New
          </Connect(OpenModalButton)>
</ListGroupItem>,
        Array [
          <ListGroupItem
            tag="li"
>
            <h3>
                        someKind
            </h3>
            <ul>
                        <component
                                    structureDefinition={
                                                Object {
                                                            "description": "string",
                                                            "id": "id1",
                                                            "imageUrl": "string",
                                                            "kind": "someKind",
                                                            "length": 2,
                                                            "name": "name1",
                                                            "width": 1,
                                                          }
                                    }
                        />
                        <component
                                    structureDefinition={
                                                Object {
                                                            "description": "string",
                                                            "id": "id2",
                                                            "imageUrl": "string",
                                                            "kind": "someKind",
                                                            "length": 5,
                                                            "name": "name2",
                                                            "width": 2,
                                                          }
                                    }
                        />
            </ul>
</ListGroupItem>,
          <ListGroupItem
            tag="li"
>
            <h3>
                        someOtherKind
            </h3>
            <ul>
                        <component
                                    structureDefinition={
                                                Object {
                                                            "description": undefined,
                                                            "id": "id3",
                                                            "imageUrl": "string",
                                                            "kind": "someOtherKind",
                                                            "length": 4,
                                                            "name": "name3",
                                                            "width": 3,
                                                          }
                                    }
                        />
            </ul>
</ListGroupItem>,
        ],
      ],
      "className": "structure-library",
      "tag": "ul",
    },
    "ref": null,
    "rendered": Array [
      Object {
        "instance": null,
        "key": "title",
        "nodeType": "function",
        "props": Object {
          "children": Array [
            <h2>
              Structure Library
</h2>,
            <Connect(OpenModalButton)
              modalProps={
                            Object {
                                          "ariaLabel": "Sup",
                                          "formName": "structureDefinition",
                                        }
              }
              modalType="ADD_STRUCTURE_DEFINITION"
>
              New
</Connect(OpenModalButton)>,
          ],
          "tag": "li",
        },
        "ref": null,
        "rendered": Array [
          Object {
            "instance": null,
            "key": undefined,
            "nodeType": "host",
            "props": Object {
              "children": "Structure Library",
            },
            "ref": null,
            "rendered": "Structure Library",
            "type": "h2",
          },
          Object {
            "instance": null,
            "key": undefined,
            "nodeType": "class",
            "props": Object {
              "children": "New",
              "modalProps": Object {
                "ariaLabel": "Sup",
                "formName": "structureDefinition",
              },
              "modalType": "ADD_STRUCTURE_DEFINITION",
            },
            "ref": null,
            "rendered": "New",
            "type": [Function],
          },
        ],
        "type": [Function],
      },
      Object {
        "instance": null,
        "key": "someKind",
        "nodeType": "function",
        "props": Object {
          "children": Array [
            <h3>
              someKind
</h3>,
            <ul>
              <component
                            structureDefinition={
                                          Object {
                                                        "description": "string",
                                                        "id": "id1",
                                                        "imageUrl": "string",
                                                        "kind": "someKind",
                                                        "length": 2,
                                                        "name": "name1",
                                                        "width": 1,
                                                      }
                            }
              />
              <component
                            structureDefinition={
                                          Object {
                                                        "description": "string",
                                                        "id": "id2",
                                                        "imageUrl": "string",
                                                        "kind": "someKind",
                                                        "length": 5,
                                                        "name": "name2",
                                                        "width": 2,
                                                      }
                            }
              />
</ul>,
          ],
          "tag": "li",
        },
        "ref": null,
        "rendered": Array [
          Object {
            "instance": null,
            "key": undefined,
            "nodeType": "host",
            "props": Object {
              "children": "someKind",
            },
            "ref": null,
            "rendered": "someKind",
            "type": "h3",
          },
          Object {
            "instance": null,
            "key": undefined,
            "nodeType": "host",
            "props": Object {
              "children": Array [
                <component
                  structureDefinition={
                                    Object {
                                                      "description": "string",
                                                      "id": "id1",
                                                      "imageUrl": "string",
                                                      "kind": "someKind",
                                                      "length": 2,
                                                      "name": "name1",
                                                      "width": 1,
                                                    }
                  }
/>,
                <component
                  structureDefinition={
                                    Object {
                                                      "description": "string",
                                                      "id": "id2",
                                                      "imageUrl": "string",
                                                      "kind": "someKind",
                                                      "length": 5,
                                                      "name": "name2",
                                                      "width": 2,
                                                    }
                  }
/>,
              ],
            },
            "ref": null,
            "rendered": Array [
              Object {
                "instance": null,
                "key": "id1",
                "nodeType": "function",
                "props": Object {
                  "structureDefinition": Object {
                    "description": "string",
                    "id": "id1",
                    "imageUrl": "string",
                    "kind": "someKind",
                    "length": 2,
                    "name": "name1",
                    "width": 1,
                  },
                },
                "ref": null,
                "rendered": null,
                "type": [Function],
              },
              Object {
                "instance": null,
                "key": "id2",
                "nodeType": "function",
                "props": Object {
                  "structureDefinition": Object {
                    "description": "string",
                    "id": "id2",
                    "imageUrl": "string",
                    "kind": "someKind",
                    "length": 5,
                    "name": "name2",
                    "width": 2,
                  },
                },
                "ref": null,
                "rendered": null,
                "type": [Function],
              },
            ],
            "type": "ul",
          },
        ],
        "type": [Function],
      },
      Object {
        "instance": null,
        "key": "someOtherKind",
        "nodeType": "function",
        "props": Object {
          "children": Array [
            <h3>
              someOtherKind
</h3>,
            <ul>
              <component
                            structureDefinition={
                                          Object {
                                                        "description": undefined,
                                                        "id": "id3",
                                                        "imageUrl": "string",
                                                        "kind": "someOtherKind",
                                                        "length": 4,
                                                        "name": "name3",
                                                        "width": 3,
                                                      }
                            }
              />
</ul>,
          ],
          "tag": "li",
        },
        "ref": null,
        "rendered": Array [
          Object {
            "instance": null,
            "key": undefined,
            "nodeType": "host",
            "props": Object {
              "children": "someOtherKind",
            },
            "ref": null,
            "rendered": "someOtherKind",
            "type": "h3",
          },
          Object {
            "instance": null,
            "key": undefined,
            "nodeType": "host",
            "props": Object {
              "children": Array [
                <component
                  structureDefinition={
                                    Object {
                                                      "description": undefined,
                                                      "id": "id3",
                                                      "imageUrl": "string",
                                                      "kind": "someOtherKind",
                                                      "length": 4,
                                                      "name": "name3",
                                                      "width": 3,
                                                    }
                  }
/>,
              ],
            },
            "ref": null,
            "rendered": Array [
              Object {
                "instance": null,
                "key": "id3",
                "nodeType": "function",
                "props": Object {
                  "structureDefinition": Object {
                    "description": undefined,
                    "id": "id3",
                    "imageUrl": "string",
                    "kind": "someOtherKind",
                    "length": 4,
                    "name": "name3",
                    "width": 3,
                  },
                },
                "ref": null,
                "rendered": null,
                "type": [Function],
              },
            ],
            "type": "ul",
          },
        ],
        "type": [Function],
      },
    ],
    "type": [Function],
  },
  Symbol(enzyme.__nodes__): Array [
    Object {
      "instance": null,
      "key": undefined,
      "nodeType": "function",
      "props": Object {
        "children": Array [
          <ListGroupItem
            tag="li"
>
            <h2>
                        Structure Library
            </h2>
            <Connect(OpenModalButton)
                        modalProps={
                                    Object {
                                                "ariaLabel": "Sup",
                                                "formName": "structureDefinition",
                                              }
                        }
                        modalType="ADD_STRUCTURE_DEFINITION"
            >
                        New
            </Connect(OpenModalButton)>
</ListGroupItem>,
          Array [
            <ListGroupItem
              tag="li"
>
              <h3>
                            someKind
              </h3>
              <ul>
                            <component
                                          structureDefinition={
                                                        Object {
                                                                      "description": "string",
                                                                      "id": "id1",
                                                                      "imageUrl": "string",
                                                                      "kind": "someKind",
                                                                      "length": 2,
                                                                      "name": "name1",
                                                                      "width": 1,
                                                                    }
                                          }
                            />
                            <component
                                          structureDefinition={
                                                        Object {
                                                                      "description": "string",
                                                                      "id": "id2",
                                                                      "imageUrl": "string",
                                                                      "kind": "someKind",
                                                                      "length": 5,
                                                                      "name": "name2",
                                                                      "width": 2,
                                                                    }
                                          }
                            />
              </ul>
</ListGroupItem>,
            <ListGroupItem
              tag="li"
>
              <h3>
                            someOtherKind
              </h3>
              <ul>
                            <component
                                          structureDefinition={
                                                        Object {
                                                                      "description": undefined,
                                                                      "id": "id3",
                                                                      "imageUrl": "string",
                                                                      "kind": "someOtherKind",
                                                                      "length": 4,
                                                                      "name": "name3",
                                                                      "width": 3,
                                                                    }
                                          }
                            />
              </ul>
</ListGroupItem>,
          ],
        ],
        "className": "structure-library",
        "tag": "ul",
      },
      "ref": null,
      "rendered": Array [
        Object {
          "instance": null,
          "key": "title",
          "nodeType": "function",
          "props": Object {
            "children": Array [
              <h2>
                Structure Library
</h2>,
              <Connect(OpenModalButton)
                modalProps={
                                Object {
                                                "ariaLabel": "Sup",
                                                "formName": "structureDefinition",
                                              }
                }
                modalType="ADD_STRUCTURE_DEFINITION"
>
                New
</Connect(OpenModalButton)>,
            ],
            "tag": "li",
          },
          "ref": null,
          "rendered": Array [
            Object {
              "instance": null,
              "key": undefined,
              "nodeType": "host",
              "props": Object {
                "children": "Structure Library",
              },
              "ref": null,
              "rendered": "Structure Library",
              "type": "h2",
            },
            Object {
              "instance": null,
              "key": undefined,
              "nodeType": "class",
              "props": Object {
                "children": "New",
                "modalProps": Object {
                  "ariaLabel": "Sup",
                  "formName": "structureDefinition",
                },
                "modalType": "ADD_STRUCTURE_DEFINITION",
              },
              "ref": null,
              "rendered": "New",
              "type": [Function],
            },
          ],
          "type": [Function],
        },
        Object {
          "instance": null,
          "key": "someKind",
          "nodeType": "function",
          "props": Object {
            "children": Array [
              <h3>
                someKind
</h3>,
              <ul>
                <component
                                structureDefinition={
                                                Object {
                                                                "description": "string",
                                                                "id": "id1",
                                                                "imageUrl": "string",
                                                                "kind": "someKind",
                                                                "length": 2,
                                                                "name": "name1",
                                                                "width": 1,
                                                              }
                                }
                />
                <component
                                structureDefinition={
                                                Object {
                                                                "description": "string",
                                                                "id": "id2",
                                                                "imageUrl": "string",
                                                                "kind": "someKind",
                                                                "length": 5,
                                                                "name": "name2",
                                                                "width": 2,
                                                              }
                                }
                />
</ul>,
            ],
            "tag": "li",
          },
          "ref": null,
          "rendered": Array [
            Object {
              "instance": null,
              "key": undefined,
              "nodeType": "host",
              "props": Object {
                "children": "someKind",
              },
              "ref": null,
              "rendered": "someKind",
              "type": "h3",
            },
            Object {
              "instance": null,
              "key": undefined,
              "nodeType": "host",
              "props": Object {
                "children": Array [
                  <component
                    structureDefinition={
                                        Object {
                                                            "description": "string",
                                                            "id": "id1",
                                                            "imageUrl": "string",
                                                            "kind": "someKind",
                                                            "length": 2,
                                                            "name": "name1",
                                                            "width": 1,
                                                          }
                    }
/>,
                  <component
                    structureDefinition={
                                        Object {
                                                            "description": "string",
                                                            "id": "id2",
                                                            "imageUrl": "string",
                                                            "kind": "someKind",
                                                            "length": 5,
                                                            "name": "name2",
                                                            "width": 2,
                                                          }
                    }
/>,
                ],
              },
              "ref": null,
              "rendered": Array [
                Object {
                  "instance": null,
                  "key": "id1",
                  "nodeType": "function",
                  "props": Object {
                    "structureDefinition": Object {
                      "description": "string",
                      "id": "id1",
                      "imageUrl": "string",
                      "kind": "someKind",
                      "length": 2,
                      "name": "name1",
                      "width": 1,
                    },
                  },
                  "ref": null,
                  "rendered": null,
                  "type": [Function],
                },
                Object {
                  "instance": null,
                  "key": "id2",
                  "nodeType": "function",
                  "props": Object {
                    "structureDefinition": Object {
                      "description": "string",
                      "id": "id2",
                      "imageUrl": "string",
                      "kind": "someKind",
                      "length": 5,
                      "name": "name2",
                      "width": 2,
                    },
                  },
                  "ref": null,
                  "rendered": null,
                  "type": [Function],
                },
              ],
              "type": "ul",
            },
          ],
          "type": [Function],
        },
        Object {
          "instance": null,
          "key": "someOtherKind",
          "nodeType": "function",
          "props": Object {
            "children": Array [
              <h3>
                someOtherKind
</h3>,
              <ul>
                <component
                                structureDefinition={
                                                Object {
                                                                "description": undefined,
                                                                "id": "id3",
                                                                "imageUrl": "string",
                                                                "kind": "someOtherKind",
                                                                "length": 4,
                                                                "name": "name3",
                                                                "width": 3,
                                                              }
                                }
                />
</ul>,
            ],
            "tag": "li",
          },
          "ref": null,
          "rendered": Array [
            Object {
              "instance": null,
              "key": undefined,
              "nodeType": "host",
              "props": Object {
                "children": "someOtherKind",
              },
              "ref": null,
              "rendered": "someOtherKind",
              "type": "h3",
            },
            Object {
              "instance": null,
              "key": undefined,
              "nodeType": "host",
              "props": Object {
                "children": Array [
                  <component
                    structureDefinition={
                                        Object {
                                                            "description": undefined,
                                                            "id": "id3",
                                                            "imageUrl": "string",
                                                            "kind": "someOtherKind",
                                                            "length": 4,
                                                            "name": "name3",
                                                            "width": 3,
                                                          }
                    }
/>,
                ],
              },
              "ref": null,
              "rendered": Array [
                Object {
                  "instance": null,
                  "key": "id3",
                  "nodeType": "function",
                  "props": Object {
                    "structureDefinition": Object {
                      "description": undefined,
                      "id": "id3",
                      "imageUrl": "string",
                      "kind": "someOtherKind",
                      "length": 4,
                      "name": "name3",
                      "width": 3,
                    },
                  },
                  "ref": null,
                  "rendered": null,
                  "type": [Function],
                },
              ],
              "type": "ul",
            },
          ],
          "type": [Function],
        },
      ],
      "type": [Function],
    },
  ],
  Symbol(enzyme.__options__): Object {
    "adapter": ReactSixteenAdapter {
      "options": Object {
        "enableComponentDidUpdateOnSetState": true,
      },
    },
  },
}
`;
