// Jest Snapshot v1, https://goo.gl/fbAQLP

exports[`Drawing the board renders 1`] = `
ShallowWrapper {
  "length": 1,
  Symbol(enzyme.__root__): [Circular],
  Symbol(enzyme.__unrendered__): <DrawBoard
    board={
        Array [
            Array [
              1,
              2,
              3,
            ],
            Array [
              4,
              5,
              6,
            ],
            Array [
              7,
              8,
              9,
            ],
          ]
    }
/>,
  Symbol(enzyme.__renderer__): Object {
    "batchedUpdates": [Function],
    "getNode": [Function],
    "render": [Function],
    "simulateEvent": [Function],
    "unmount": [Function],
  },
  Symbol(enzyme.__node__): Object {
    "instance": null,
    "key": undefined,
    "nodeType": "host",
    "props": Object {
      "children": Array [
        Array [
          <a
            onMouseDown={[Function]}
            onMouseEnter={[Function]}
>
            <DrawTile
                        structureDefinition={undefined}
                        x={0}
                        y={0}
            />
</a>,
          <a
            onMouseDown={[Function]}
            onMouseEnter={[Function]}
>
            <DrawTile
                        structureDefinition={undefined}
                        x={0}
                        y={1}
            />
</a>,
          <a
            onMouseDown={[Function]}
            onMouseEnter={[Function]}
>
            <DrawTile
                        structureDefinition={undefined}
                        x={0}
                        y={2}
            />
</a>,
        ],
        Array [
          <a
            onMouseDown={[Function]}
            onMouseEnter={[Function]}
>
            <DrawTile
                        structureDefinition={undefined}
                        x={1}
                        y={0}
            />
</a>,
          <a
            onMouseDown={[Function]}
            onMouseEnter={[Function]}
>
            <DrawTile
                        structureDefinition={undefined}
                        x={1}
                        y={1}
            />
</a>,
          <a
            onMouseDown={[Function]}
            onMouseEnter={[Function]}
>
            <DrawTile
                        structureDefinition={undefined}
                        x={1}
                        y={2}
            />
</a>,
        ],
        Array [
          <a
            onMouseDown={[Function]}
            onMouseEnter={[Function]}
>
            <DrawTile
                        structureDefinition={undefined}
                        x={2}
                        y={0}
            />
</a>,
          <a
            onMouseDown={[Function]}
            onMouseEnter={[Function]}
>
            <DrawTile
                        structureDefinition={undefined}
                        x={2}
                        y={1}
            />
</a>,
          <a
            onMouseDown={[Function]}
            onMouseEnter={[Function]}
>
            <DrawTile
                        structureDefinition={undefined}
                        x={2}
                        y={2}
            />
</a>,
        ],
      ],
      "className": "tiles",
    },
    "ref": null,
    "rendered": Array [
      Object {
        "instance": null,
        "key": "x0y0",
        "nodeType": "host",
        "props": Object {
          "children": <DrawTile
            structureDefinition={undefined}
            x={0}
            y={0}
/>,
          "onMouseDown": [Function],
          "onMouseEnter": [Function],
        },
        "ref": null,
        "rendered": Object {
          "instance": null,
          "key": undefined,
          "nodeType": "class",
          "props": Object {
            "structureDefinition": undefined,
            "x": 0,
            "y": 0,
          },
          "ref": null,
          "rendered": null,
          "type": [Function],
        },
        "type": "a",
      },
      Object {
        "instance": null,
        "key": "x0y1",
        "nodeType": "host",
        "props": Object {
          "children": <DrawTile
            structureDefinition={undefined}
            x={0}
            y={1}
/>,
          "onMouseDown": [Function],
          "onMouseEnter": [Function],
        },
        "ref": null,
        "rendered": Object {
          "instance": null,
          "key": undefined,
          "nodeType": "class",
          "props": Object {
            "structureDefinition": undefined,
            "x": 0,
            "y": 1,
          },
          "ref": null,
          "rendered": null,
          "type": [Function],
        },
        "type": "a",
      },
      Object {
        "instance": null,
        "key": "x0y2",
        "nodeType": "host",
        "props": Object {
          "children": <DrawTile
            structureDefinition={undefined}
            x={0}
            y={2}
/>,
          "onMouseDown": [Function],
          "onMouseEnter": [Function],
        },
        "ref": null,
        "rendered": Object {
          "instance": null,
          "key": undefined,
          "nodeType": "class",
          "props": Object {
            "structureDefinition": undefined,
            "x": 0,
            "y": 2,
          },
          "ref": null,
          "rendered": null,
          "type": [Function],
        },
        "type": "a",
      },
      Object {
        "instance": null,
        "key": "x1y0",
        "nodeType": "host",
        "props": Object {
          "children": <DrawTile
            structureDefinition={undefined}
            x={1}
            y={0}
/>,
          "onMouseDown": [Function],
          "onMouseEnter": [Function],
        },
        "ref": null,
        "rendered": Object {
          "instance": null,
          "key": undefined,
          "nodeType": "class",
          "props": Object {
            "structureDefinition": undefined,
            "x": 1,
            "y": 0,
          },
          "ref": null,
          "rendered": null,
          "type": [Function],
        },
        "type": "a",
      },
      Object {
        "instance": null,
        "key": "x1y1",
        "nodeType": "host",
        "props": Object {
          "children": <DrawTile
            structureDefinition={undefined}
            x={1}
            y={1}
/>,
          "onMouseDown": [Function],
          "onMouseEnter": [Function],
        },
        "ref": null,
        "rendered": Object {
          "instance": null,
          "key": undefined,
          "nodeType": "class",
          "props": Object {
            "structureDefinition": undefined,
            "x": 1,
            "y": 1,
          },
          "ref": null,
          "rendered": null,
          "type": [Function],
        },
        "type": "a",
      },
      Object {
        "instance": null,
        "key": "x1y2",
        "nodeType": "host",
        "props": Object {
          "children": <DrawTile
            structureDefinition={undefined}
            x={1}
            y={2}
/>,
          "onMouseDown": [Function],
          "onMouseEnter": [Function],
        },
        "ref": null,
        "rendered": Object {
          "instance": null,
          "key": undefined,
          "nodeType": "class",
          "props": Object {
            "structureDefinition": undefined,
            "x": 1,
            "y": 2,
          },
          "ref": null,
          "rendered": null,
          "type": [Function],
        },
        "type": "a",
      },
      Object {
        "instance": null,
        "key": "x2y0",
        "nodeType": "host",
        "props": Object {
          "children": <DrawTile
            structureDefinition={undefined}
            x={2}
            y={0}
/>,
          "onMouseDown": [Function],
          "onMouseEnter": [Function],
        },
        "ref": null,
        "rendered": Object {
          "instance": null,
          "key": undefined,
          "nodeType": "class",
          "props": Object {
            "structureDefinition": undefined,
            "x": 2,
            "y": 0,
          },
          "ref": null,
          "rendered": null,
          "type": [Function],
        },
        "type": "a",
      },
      Object {
        "instance": null,
        "key": "x2y1",
        "nodeType": "host",
        "props": Object {
          "children": <DrawTile
            structureDefinition={undefined}
            x={2}
            y={1}
/>,
          "onMouseDown": [Function],
          "onMouseEnter": [Function],
        },
        "ref": null,
        "rendered": Object {
          "instance": null,
          "key": undefined,
          "nodeType": "class",
          "props": Object {
            "structureDefinition": undefined,
            "x": 2,
            "y": 1,
          },
          "ref": null,
          "rendered": null,
          "type": [Function],
        },
        "type": "a",
      },
      Object {
        "instance": null,
        "key": "x2y2",
        "nodeType": "host",
        "props": Object {
          "children": <DrawTile
            structureDefinition={undefined}
            x={2}
            y={2}
/>,
          "onMouseDown": [Function],
          "onMouseEnter": [Function],
        },
        "ref": null,
        "rendered": Object {
          "instance": null,
          "key": undefined,
          "nodeType": "class",
          "props": Object {
            "structureDefinition": undefined,
            "x": 2,
            "y": 2,
          },
          "ref": null,
          "rendered": null,
          "type": [Function],
        },
        "type": "a",
      },
    ],
    "type": "g",
  },
  Symbol(enzyme.__nodes__): Array [
    Object {
      "instance": null,
      "key": undefined,
      "nodeType": "host",
      "props": Object {
        "children": Array [
          Array [
            <a
              onMouseDown={[Function]}
              onMouseEnter={[Function]}
>
              <DrawTile
                            structureDefinition={undefined}
                            x={0}
                            y={0}
              />
</a>,
            <a
              onMouseDown={[Function]}
              onMouseEnter={[Function]}
>
              <DrawTile
                            structureDefinition={undefined}
                            x={0}
                            y={1}
              />
</a>,
            <a
              onMouseDown={[Function]}
              onMouseEnter={[Function]}
>
              <DrawTile
                            structureDefinition={undefined}
                            x={0}
                            y={2}
              />
</a>,
          ],
          Array [
            <a
              onMouseDown={[Function]}
              onMouseEnter={[Function]}
>
              <DrawTile
                            structureDefinition={undefined}
                            x={1}
                            y={0}
              />
</a>,
            <a
              onMouseDown={[Function]}
              onMouseEnter={[Function]}
>
              <DrawTile
                            structureDefinition={undefined}
                            x={1}
                            y={1}
              />
</a>,
            <a
              onMouseDown={[Function]}
              onMouseEnter={[Function]}
>
              <DrawTile
                            structureDefinition={undefined}
                            x={1}
                            y={2}
              />
</a>,
          ],
          Array [
            <a
              onMouseDown={[Function]}
              onMouseEnter={[Function]}
>
              <DrawTile
                            structureDefinition={undefined}
                            x={2}
                            y={0}
              />
</a>,
            <a
              onMouseDown={[Function]}
              onMouseEnter={[Function]}
>
              <DrawTile
                            structureDefinition={undefined}
                            x={2}
                            y={1}
              />
</a>,
            <a
              onMouseDown={[Function]}
              onMouseEnter={[Function]}
>
              <DrawTile
                            structureDefinition={undefined}
                            x={2}
                            y={2}
              />
</a>,
          ],
        ],
        "className": "tiles",
      },
      "ref": null,
      "rendered": Array [
        Object {
          "instance": null,
          "key": "x0y0",
          "nodeType": "host",
          "props": Object {
            "children": <DrawTile
              structureDefinition={undefined}
              x={0}
              y={0}
/>,
            "onMouseDown": [Function],
            "onMouseEnter": [Function],
          },
          "ref": null,
          "rendered": Object {
            "instance": null,
            "key": undefined,
            "nodeType": "class",
            "props": Object {
              "structureDefinition": undefined,
              "x": 0,
              "y": 0,
            },
            "ref": null,
            "rendered": null,
            "type": [Function],
          },
          "type": "a",
        },
        Object {
          "instance": null,
          "key": "x0y1",
          "nodeType": "host",
          "props": Object {
            "children": <DrawTile
              structureDefinition={undefined}
              x={0}
              y={1}
/>,
            "onMouseDown": [Function],
            "onMouseEnter": [Function],
          },
          "ref": null,
          "rendered": Object {
            "instance": null,
            "key": undefined,
            "nodeType": "class",
            "props": Object {
              "structureDefinition": undefined,
              "x": 0,
              "y": 1,
            },
            "ref": null,
            "rendered": null,
            "type": [Function],
          },
          "type": "a",
        },
        Object {
          "instance": null,
          "key": "x0y2",
          "nodeType": "host",
          "props": Object {
            "children": <DrawTile
              structureDefinition={undefined}
              x={0}
              y={2}
/>,
            "onMouseDown": [Function],
            "onMouseEnter": [Function],
          },
          "ref": null,
          "rendered": Object {
            "instance": null,
            "key": undefined,
            "nodeType": "class",
            "props": Object {
              "structureDefinition": undefined,
              "x": 0,
              "y": 2,
            },
            "ref": null,
            "rendered": null,
            "type": [Function],
          },
          "type": "a",
        },
        Object {
          "instance": null,
          "key": "x1y0",
          "nodeType": "host",
          "props": Object {
            "children": <DrawTile
              structureDefinition={undefined}
              x={1}
              y={0}
/>,
            "onMouseDown": [Function],
            "onMouseEnter": [Function],
          },
          "ref": null,
          "rendered": Object {
            "instance": null,
            "key": undefined,
            "nodeType": "class",
            "props": Object {
              "structureDefinition": undefined,
              "x": 1,
              "y": 0,
            },
            "ref": null,
            "rendered": null,
            "type": [Function],
          },
          "type": "a",
        },
        Object {
          "instance": null,
          "key": "x1y1",
          "nodeType": "host",
          "props": Object {
            "children": <DrawTile
              structureDefinition={undefined}
              x={1}
              y={1}
/>,
            "onMouseDown": [Function],
            "onMouseEnter": [Function],
          },
          "ref": null,
          "rendered": Object {
            "instance": null,
            "key": undefined,
            "nodeType": "class",
            "props": Object {
              "structureDefinition": undefined,
              "x": 1,
              "y": 1,
            },
            "ref": null,
            "rendered": null,
            "type": [Function],
          },
          "type": "a",
        },
        Object {
          "instance": null,
          "key": "x1y2",
          "nodeType": "host",
          "props": Object {
            "children": <DrawTile
              structureDefinition={undefined}
              x={1}
              y={2}
/>,
            "onMouseDown": [Function],
            "onMouseEnter": [Function],
          },
          "ref": null,
          "rendered": Object {
            "instance": null,
            "key": undefined,
            "nodeType": "class",
            "props": Object {
              "structureDefinition": undefined,
              "x": 1,
              "y": 2,
            },
            "ref": null,
            "rendered": null,
            "type": [Function],
          },
          "type": "a",
        },
        Object {
          "instance": null,
          "key": "x2y0",
          "nodeType": "host",
          "props": Object {
            "children": <DrawTile
              structureDefinition={undefined}
              x={2}
              y={0}
/>,
            "onMouseDown": [Function],
            "onMouseEnter": [Function],
          },
          "ref": null,
          "rendered": Object {
            "instance": null,
            "key": undefined,
            "nodeType": "class",
            "props": Object {
              "structureDefinition": undefined,
              "x": 2,
              "y": 0,
            },
            "ref": null,
            "rendered": null,
            "type": [Function],
          },
          "type": "a",
        },
        Object {
          "instance": null,
          "key": "x2y1",
          "nodeType": "host",
          "props": Object {
            "children": <DrawTile
              structureDefinition={undefined}
              x={2}
              y={1}
/>,
            "onMouseDown": [Function],
            "onMouseEnter": [Function],
          },
          "ref": null,
          "rendered": Object {
            "instance": null,
            "key": undefined,
            "nodeType": "class",
            "props": Object {
              "structureDefinition": undefined,
              "x": 2,
              "y": 1,
            },
            "ref": null,
            "rendered": null,
            "type": [Function],
          },
          "type": "a",
        },
        Object {
          "instance": null,
          "key": "x2y2",
          "nodeType": "host",
          "props": Object {
            "children": <DrawTile
              structureDefinition={undefined}
              x={2}
              y={2}
/>,
            "onMouseDown": [Function],
            "onMouseEnter": [Function],
          },
          "ref": null,
          "rendered": Object {
            "instance": null,
            "key": undefined,
            "nodeType": "class",
            "props": Object {
              "structureDefinition": undefined,
              "x": 2,
              "y": 2,
            },
            "ref": null,
            "rendered": null,
            "type": [Function],
          },
          "type": "a",
        },
      ],
      "type": "g",
    },
  ],
  Symbol(enzyme.__options__): Object {
    "adapter": ReactSixteenAdapter {
      "options": Object {
        "enableComponentDidUpdateOnSetState": true,
      },
    },
  },
}
`;
